---
source: tests/import_snapshots.rs
expression: analysis
---
{
  "imports": {
    "imports": []
  },
  "diagnostics": [
    {
      "severity": "Error",
      "message": "Import missing path"
    }
  ]
}
