---
source: tests/ir_snapshots.rs
expression: analysis
---
{
  "ir": {
    "story": {
      "acts": [],
      "scenes": [],
      "cels": []
    },
    "adapters": []
  },
  "diagnostics": []
}
