---
source: tests/plan_snapshots.rs
expression: plan
---
{
  "plan": {
    "steps": []
  },
  "diagnostics": []
}
