---
source: tests/symbol_snapshots.rs
expression: analysis
---
{
  "symbols": {
    "entities": [
      {
        "kind": "EntityBlock",
        "name": null,
        "range": {
          "start": {
            "row": 1,
            "column": 0
          },
          "end": {
            "row": 16,
            "column": 1
          },
          "start_byte": 46,
          "end_byte": 394
        }
      }
    ],
    "adapters": [],
    "imports": [],
    "metadata": []
  },
  "diagnostics": []
}
