---
source: tests/symbol_snapshots.rs
expression: analysis
---
{
  "symbols": {
    "entities": [
      {
        "kind": "EntityBlock",
        "name": null,
        "range": {
          "start": {
            "row": 3,
            "column": 0
          },
          "end": {
            "row": 17,
            "column": 1
          },
          "start_byte": 87,
          "end_byte": 433
        }
      },
      {
        "kind": "EntityBlock",
        "name": null,
        "range": {
          "start": {
            "row": 19,
            "column": 0
          },
          "end": {
            "row": 26,
            "column": 1
          },
          "start_byte": 435,
          "end_byte": 604
        }
      },
      {
        "kind": "EntityBlock",
        "name": null,
        "range": {
          "start": {
            "row": 28,
            "column": 0
          },
          "end": {
            "row": 31,
            "column": 1
          },
          "start_byte": 606,
          "end_byte": 672
        }
      }
    ],
    "adapters": [],
    "imports": [],
    "metadata": []
  },
  "diagnostics": []
}
