---
source: tests/symbol_snapshots.rs
expression: analysis
---
{
  "symbols": {
    "entities": [],
    "adapters": [],
    "imports": [],
    "metadata": []
  },
  "diagnostics": []
}
