---
source: tests/validation_snapshots.rs
expression: report
---
{
  "issues": []
}
